Archive member included because of file (symbol)

c:/program files/atmel/atmel studio 6.0/extensions/atmel/avrgcc/3.4.1.95/avrtoolchain/bin/../lib/gcc/avr/4.6.2/avr25\libgcc.a(_exit.o)
                              c:/program files/atmel/atmel studio 6.0/extensions/atmel/avrgcc/3.4.1.95/avrtoolchain/bin/../lib/gcc/avr/4.6.2/../../../../avr/lib/avr25/crttn2313.o (exit)
c:/program files/atmel/atmel studio 6.0/extensions/atmel/avrgcc/3.4.1.95/avrtoolchain/bin/../lib/gcc/avr/4.6.2/avr25\libgcc.a(_copy_data.o)
                              buart.o (__do_copy_data)
c:/program files/atmel/atmel studio 6.0/extensions/atmel/avrgcc/3.4.1.95/avrtoolchain/bin/../lib/gcc/avr/4.6.2/avr25\libgcc.a(_clear_bss.o)
                              buart.o (__do_clear_bss)

Allocating common symbols
Common symbol       size              file

uart_txwr           0x1               buart.o
uart_tx             0x10              buart.o
uart_rx             0x10              buart.o
uart_rxrd           0x1               buart.o
uart_rxwr           0x1               buart.o
uart_txrd           0x1               buart.o

Memory Configuration

Name             Origin             Length             Attributes
text             0x00000000         0x00002000         xr
data             0x00800060         0x0000ffa0         rw !x
eeprom           0x00810000         0x00010000         rw !x
fuse             0x00820000         0x00000400         rw !x
lock             0x00830000         0x00000400         rw !x
signature        0x00840000         0x00000400         rw !x
*default*        0x00000000         0xffffffff

Linker script and memory map

LOAD c:/program files/atmel/atmel studio 6.0/extensions/atmel/avrgcc/3.4.1.95/avrtoolchain/bin/../lib/gcc/avr/4.6.2/../../../../avr/lib/avr25/crttn2313.o
LOAD buart.o
LOAD init_mcu.o
LOAD Tree.o
START GROUP
LOAD c:/program files/atmel/atmel studio 6.0/extensions/atmel/avrgcc/3.4.1.95/avrtoolchain/bin/../lib/gcc/avr/4.6.2/../../../../avr/lib/avr25\libm.a
END GROUP
LOAD c:/program files/atmel/atmel studio 6.0/extensions/atmel/avrgcc/3.4.1.95/avrtoolchain/bin/../lib/gcc/avr/4.6.2/avr25\libgcc.a
LOAD c:/program files/atmel/atmel studio 6.0/extensions/atmel/avrgcc/3.4.1.95/avrtoolchain/bin/../lib/gcc/avr/4.6.2/../../../../avr/lib/avr25\libc.a
LOAD c:/program files/atmel/atmel studio 6.0/extensions/atmel/avrgcc/3.4.1.95/avrtoolchain/bin/../lib/gcc/avr/4.6.2/avr25\libgcc.a

.hash
 *(.hash)

.dynsym
 *(.dynsym)

.dynstr
 *(.dynstr)

.gnu.version
 *(.gnu.version)

.gnu.version_d
 *(.gnu.version_d)

.gnu.version_r
 *(.gnu.version_r)

.rel.init
 *(.rel.init)

.rela.init
 *(.rela.init)

.rel.text
 *(.rel.text)
 *(.rel.text.*)
 *(.rel.gnu.linkonce.t*)

.rela.text
 *(.rela.text)
 *(.rela.text.*)
 *(.rela.gnu.linkonce.t*)

.rel.fini
 *(.rel.fini)

.rela.fini
 *(.rela.fini)

.rel.rodata
 *(.rel.rodata)
 *(.rel.rodata.*)
 *(.rel.gnu.linkonce.r*)

.rela.rodata
 *(.rela.rodata)
 *(.rela.rodata.*)
 *(.rela.gnu.linkonce.r*)

.rel.data
 *(.rel.data)
 *(.rel.data.*)
 *(.rel.gnu.linkonce.d*)

.rela.data
 *(.rela.data)
 *(.rela.data.*)
 *(.rela.gnu.linkonce.d*)

.rel.ctors
 *(.rel.ctors)

.rela.ctors
 *(.rela.ctors)

.rel.dtors
 *(.rel.dtors)

.rela.dtors
 *(.rela.dtors)

.rel.got
 *(.rel.got)

.rela.got
 *(.rela.got)

.rel.bss
 *(.rel.bss)

.rela.bss
 *(.rela.bss)

.rel.plt
 *(.rel.plt)

.rela.plt
 *(.rela.plt)

.text           0x00000000      0x350
 *(.vectors)
 .vectors       0x00000000       0x26 c:/program files/atmel/atmel studio 6.0/extensions/atmel/avrgcc/3.4.1.95/avrtoolchain/bin/../lib/gcc/avr/4.6.2/../../../../avr/lib/avr25/crttn2313.o
                0x00000000                __vector_default
                0x00000000                __vectors
 *(.vectors)
 *(.progmem.gcc*)
 *(.progmem*)
                0x00000026                . = ALIGN (0x2)
                0x00000026                __trampolines_start = .
 *(.trampolines)
 .trampolines   0x00000026        0x0 linker stubs
 *(.trampolines*)
                0x00000026                __trampolines_end = .
 *(.jumptables)
 *(.jumptables*)
 *(.lowtext)
 *(.lowtext*)
                0x00000026                __ctors_start = .
 *(.ctors)
                0x00000026                __ctors_end = .
                0x00000026                __dtors_start = .
 *(.dtors)
                0x00000026                __dtors_end = .
 SORT(*)(.ctors)
 SORT(*)(.dtors)
 *(.init0)
 .init0         0x00000026        0x0 c:/program files/atmel/atmel studio 6.0/extensions/atmel/avrgcc/3.4.1.95/avrtoolchain/bin/../lib/gcc/avr/4.6.2/../../../../avr/lib/avr25/crttn2313.o
                0x00000026                __init
 *(.init0)
 *(.init1)
 *(.init1)
 *(.init2)
 .init2         0x00000026        0x8 c:/program files/atmel/atmel studio 6.0/extensions/atmel/avrgcc/3.4.1.95/avrtoolchain/bin/../lib/gcc/avr/4.6.2/../../../../avr/lib/avr25/crttn2313.o
 *(.init2)
 *(.init3)
 *(.init3)
 *(.init4)
 .init4         0x0000002e       0x16 c:/program files/atmel/atmel studio 6.0/extensions/atmel/avrgcc/3.4.1.95/avrtoolchain/bin/../lib/gcc/avr/4.6.2/avr25\libgcc.a(_copy_data.o)
                0x0000002e                __do_copy_data
 .init4         0x00000044       0x10 c:/program files/atmel/atmel studio 6.0/extensions/atmel/avrgcc/3.4.1.95/avrtoolchain/bin/../lib/gcc/avr/4.6.2/avr25\libgcc.a(_clear_bss.o)
                0x00000044                __do_clear_bss
 *(.init4)
 *(.init5)
 *(.init5)
 *(.init6)
 *(.init6)
 *(.init7)
 *(.init7)
 *(.init8)
 *(.init8)
 *(.init9)
 .init9         0x00000054        0x4 c:/program files/atmel/atmel studio 6.0/extensions/atmel/avrgcc/3.4.1.95/avrtoolchain/bin/../lib/gcc/avr/4.6.2/../../../../avr/lib/avr25/crttn2313.o
 *(.init9)
 *(.text)
 .text          0x00000058        0x2 c:/program files/atmel/atmel studio 6.0/extensions/atmel/avrgcc/3.4.1.95/avrtoolchain/bin/../lib/gcc/avr/4.6.2/../../../../avr/lib/avr25/crttn2313.o
                0x00000058                __vector_12
                0x00000058                __bad_interrupt
                0x00000058                __vector_3
                0x00000058                __vector_11
                0x00000058                __vector_13
                0x00000058                __vector_17
                0x00000058                __vector_4
                0x00000058                __vector_9
                0x00000058                __vector_2
                0x00000058                __vector_15
                0x00000058                __vector_14
                0x00000058                __vector_10
                0x00000058                __vector_16
                0x00000058                __vector_18
 .text          0x0000005a       0xf0 buart.o
                0x0000005a                __vector_7
                0x000000a2                __vector_8
                0x000000ea                uart_rx_count
                0x000000f8                uart_read
                0x0000011c                uart_write
                0x0000013e                uart_init
 .text          0x0000014a       0x4e init_mcu.o
                0x0000014a                init_mcu
 .text          0x00000198      0x198 Tree.o
                0x00000198                __vector_6
                0x000001f0                __vector_5
                0x000002cc                __vector_1
                0x000002ee                sent_command
 .text          0x00000330        0x0 c:/program files/atmel/atmel studio 6.0/extensions/atmel/avrgcc/3.4.1.95/avrtoolchain/bin/../lib/gcc/avr/4.6.2/avr25\libgcc.a(_exit.o)
 .text          0x00000330        0x0 c:/program files/atmel/atmel studio 6.0/extensions/atmel/avrgcc/3.4.1.95/avrtoolchain/bin/../lib/gcc/avr/4.6.2/avr25\libgcc.a(_copy_data.o)
 .text          0x00000330        0x0 c:/program files/atmel/atmel studio 6.0/extensions/atmel/avrgcc/3.4.1.95/avrtoolchain/bin/../lib/gcc/avr/4.6.2/avr25\libgcc.a(_clear_bss.o)
                0x00000330                . = ALIGN (0x2)
 *(.text.*)
 .text.startup  0x00000330       0x1c Tree.o
                0x00000330                main
 .text.libgcc   0x0000034c        0x0 c:/program files/atmel/atmel studio 6.0/extensions/atmel/avrgcc/3.4.1.95/avrtoolchain/bin/../lib/gcc/avr/4.6.2/avr25\libgcc.a(_exit.o)
 .text.libgcc   0x0000034c        0x0 c:/program files/atmel/atmel studio 6.0/extensions/atmel/avrgcc/3.4.1.95/avrtoolchain/bin/../lib/gcc/avr/4.6.2/avr25\libgcc.a(_copy_data.o)
 .text.libgcc   0x0000034c        0x0 c:/program files/atmel/atmel studio 6.0/extensions/atmel/avrgcc/3.4.1.95/avrtoolchain/bin/../lib/gcc/avr/4.6.2/avr25\libgcc.a(_clear_bss.o)
                0x0000034c                . = ALIGN (0x2)
 *(.fini9)
 .fini9         0x0000034c        0x0 c:/program files/atmel/atmel studio 6.0/extensions/atmel/avrgcc/3.4.1.95/avrtoolchain/bin/../lib/gcc/avr/4.6.2/avr25\libgcc.a(_exit.o)
                0x0000034c                _exit
                0x0000034c                exit
 *(.fini9)
 *(.fini8)
 *(.fini8)
 *(.fini7)
 *(.fini7)
 *(.fini6)
 *(.fini6)
 *(.fini5)
 *(.fini5)
 *(.fini4)
 *(.fini4)
 *(.fini3)
 *(.fini3)
 *(.fini2)
 *(.fini2)
 *(.fini1)
 *(.fini1)
 *(.fini0)
 .fini0         0x0000034c        0x4 c:/program files/atmel/atmel studio 6.0/extensions/atmel/avrgcc/3.4.1.95/avrtoolchain/bin/../lib/gcc/avr/4.6.2/avr25\libgcc.a(_exit.o)
 *(.fini0)
                0x00000350                _etext = .

.data           0x00800060        0x6 load address 0x00000350
                0x00800060                PROVIDE (__data_start, .)
 *(.data)
 .data          0x00800060        0x0 c:/program files/atmel/atmel studio 6.0/extensions/atmel/avrgcc/3.4.1.95/avrtoolchain/bin/../lib/gcc/avr/4.6.2/../../../../avr/lib/avr25/crttn2313.o
 .data          0x00800060        0x0 buart.o
 .data          0x00800060        0x0 init_mcu.o
 .data          0x00800060        0x5 Tree.o
                0x00800060                b
                0x00800061                g
                0x00800062                r
                0x00800063                blue
                0x00800064                green
 .data          0x00800065        0x0 c:/program files/atmel/atmel studio 6.0/extensions/atmel/avrgcc/3.4.1.95/avrtoolchain/bin/../lib/gcc/avr/4.6.2/avr25\libgcc.a(_exit.o)
 .data          0x00800065        0x0 c:/program files/atmel/atmel studio 6.0/extensions/atmel/avrgcc/3.4.1.95/avrtoolchain/bin/../lib/gcc/avr/4.6.2/avr25\libgcc.a(_copy_data.o)
 .data          0x00800065        0x0 c:/program files/atmel/atmel studio 6.0/extensions/atmel/avrgcc/3.4.1.95/avrtoolchain/bin/../lib/gcc/avr/4.6.2/avr25\libgcc.a(_clear_bss.o)
 *(.data*)
 *(.rodata)
 *(.rodata*)
 *(.gnu.linkonce.d*)
                0x00800066                . = ALIGN (0x2)
 *fill*         0x00800065        0x1 00
                0x00800066                _edata = .
                0x00800066                PROVIDE (__data_end, .)

.bss            0x00800066       0x28
                0x00800066                PROVIDE (__bss_start, .)
 *(.bss)
 .bss           0x00800066        0x0 c:/program files/atmel/atmel studio 6.0/extensions/atmel/avrgcc/3.4.1.95/avrtoolchain/bin/../lib/gcc/avr/4.6.2/../../../../avr/lib/avr25/crttn2313.o
 .bss           0x00800066        0x0 buart.o
 .bss           0x00800066        0x0 init_mcu.o
 .bss           0x00800066        0x4 Tree.o
                0x00800066                tmr_butt
                0x00800067                butt
                0x00800068                tmr
                0x00800069                red
 .bss           0x0080006a        0x0 c:/program files/atmel/atmel studio 6.0/extensions/atmel/avrgcc/3.4.1.95/avrtoolchain/bin/../lib/gcc/avr/4.6.2/avr25\libgcc.a(_exit.o)
 .bss           0x0080006a        0x0 c:/program files/atmel/atmel studio 6.0/extensions/atmel/avrgcc/3.4.1.95/avrtoolchain/bin/../lib/gcc/avr/4.6.2/avr25\libgcc.a(_copy_data.o)
 .bss           0x0080006a        0x0 c:/program files/atmel/atmel studio 6.0/extensions/atmel/avrgcc/3.4.1.95/avrtoolchain/bin/../lib/gcc/avr/4.6.2/avr25\libgcc.a(_clear_bss.o)
 *(.bss*)
 *(COMMON)
 COMMON         0x0080006a       0x24 buart.o
                0x0080006a                uart_txwr
                0x0080006b                uart_tx
                0x0080007b                uart_rx
                0x0080008b                uart_rxrd
                0x0080008c                uart_rxwr
                0x0080008d                uart_txrd
                0x0080008e                PROVIDE (__bss_end, .)
                0x00000350                __data_load_start = LOADADDR (.data)
                0x00000356                __data_load_end = (__data_load_start + SIZEOF (.data))

.noinit         0x0080008e        0x0
                0x0080008e                PROVIDE (__noinit_start, .)
 *(.noinit*)
                0x0080008e                PROVIDE (__noinit_end, .)
                0x0080008e                _end = .
                0x0080008e                PROVIDE (__heap_start, .)

.eeprom         0x00810000        0x0
 *(.eeprom*)
                0x00810000                __eeprom_end = .

.fuse
 *(.fuse)
 *(.lfuse)
 *(.hfuse)
 *(.efuse)

.lock
 *(.lock*)

.signature
 *(.signature*)

.stab           0x00000000      0x6b4
 *(.stab)
 .stab          0x00000000      0x6b4 c:/program files/atmel/atmel studio 6.0/extensions/atmel/avrgcc/3.4.1.95/avrtoolchain/bin/../lib/gcc/avr/4.6.2/../../../../avr/lib/avr25/crttn2313.o

.stabstr        0x00000000       0x85
 *(.stabstr)
 .stabstr       0x00000000       0x85 c:/program files/atmel/atmel studio 6.0/extensions/atmel/avrgcc/3.4.1.95/avrtoolchain/bin/../lib/gcc/avr/4.6.2/../../../../avr/lib/avr25/crttn2313.o

.stab.excl
 *(.stab.excl)

.stab.exclstr
 *(.stab.exclstr)

.stab.index
 *(.stab.index)

.stab.indexstr
 *(.stab.indexstr)

.comment
 *(.comment)

.debug
 *(.debug)

.line
 *(.line)

.debug_srcinfo
 *(.debug_srcinfo)

.debug_sfnames
 *(.debug_sfnames)

.debug_aranges  0x00000000       0x60
 *(.debug_aranges)
 .debug_aranges
                0x00000000       0x20 c:/program files/atmel/atmel studio 6.0/extensions/atmel/avrgcc/3.4.1.95/avrtoolchain/bin/../lib/gcc/avr/4.6.2/avr25\libgcc.a(_exit.o)
 .debug_aranges
                0x00000020       0x20 c:/program files/atmel/atmel studio 6.0/extensions/atmel/avrgcc/3.4.1.95/avrtoolchain/bin/../lib/gcc/avr/4.6.2/avr25\libgcc.a(_copy_data.o)
 .debug_aranges
                0x00000040       0x20 c:/program files/atmel/atmel studio 6.0/extensions/atmel/avrgcc/3.4.1.95/avrtoolchain/bin/../lib/gcc/avr/4.6.2/avr25\libgcc.a(_clear_bss.o)

.debug_pubnames
 *(.debug_pubnames)

.debug_info     0x00000000      0x29a
 *(.debug_info)
 .debug_info    0x00000000       0xde c:/program files/atmel/atmel studio 6.0/extensions/atmel/avrgcc/3.4.1.95/avrtoolchain/bin/../lib/gcc/avr/4.6.2/avr25\libgcc.a(_exit.o)
 .debug_info    0x000000de       0xde c:/program files/atmel/atmel studio 6.0/extensions/atmel/avrgcc/3.4.1.95/avrtoolchain/bin/../lib/gcc/avr/4.6.2/avr25\libgcc.a(_copy_data.o)
 .debug_info    0x000001bc       0xde c:/program files/atmel/atmel studio 6.0/extensions/atmel/avrgcc/3.4.1.95/avrtoolchain/bin/../lib/gcc/avr/4.6.2/avr25\libgcc.a(_clear_bss.o)
 *(.gnu.linkonce.wi.*)

.debug_abbrev   0x00000000       0x3c
 *(.debug_abbrev)
 .debug_abbrev  0x00000000       0x14 c:/program files/atmel/atmel studio 6.0/extensions/atmel/avrgcc/3.4.1.95/avrtoolchain/bin/../lib/gcc/avr/4.6.2/avr25\libgcc.a(_exit.o)
 .debug_abbrev  0x00000014       0x14 c:/program files/atmel/atmel studio 6.0/extensions/atmel/avrgcc/3.4.1.95/avrtoolchain/bin/../lib/gcc/avr/4.6.2/avr25\libgcc.a(_copy_data.o)
 .debug_abbrev  0x00000028       0x14 c:/program files/atmel/atmel studio 6.0/extensions/atmel/avrgcc/3.4.1.95/avrtoolchain/bin/../lib/gcc/avr/4.6.2/avr25\libgcc.a(_clear_bss.o)

.debug_line     0x00000000      0x1a7
 *(.debug_line)
 .debug_line    0x00000000       0x88 c:/program files/atmel/atmel studio 6.0/extensions/atmel/avrgcc/3.4.1.95/avrtoolchain/bin/../lib/gcc/avr/4.6.2/avr25\libgcc.a(_exit.o)
 .debug_line    0x00000088       0x91 c:/program files/atmel/atmel studio 6.0/extensions/atmel/avrgcc/3.4.1.95/avrtoolchain/bin/../lib/gcc/avr/4.6.2/avr25\libgcc.a(_copy_data.o)
 .debug_line    0x00000119       0x8e c:/program files/atmel/atmel studio 6.0/extensions/atmel/avrgcc/3.4.1.95/avrtoolchain/bin/../lib/gcc/avr/4.6.2/avr25\libgcc.a(_clear_bss.o)

.debug_frame
 *(.debug_frame)

.debug_str
 *(.debug_str)

.debug_loc
 *(.debug_loc)

.debug_macinfo
 *(.debug_macinfo)
OUTPUT(Tree.elf elf32-avr)
LOAD linker stubs
